#【実行結果】

>>> greets = ("morning", "afternoon", "evening")
>>> greets.index("afternoon")
1
>>> score = [10, 20, 30, 40, 50]
>>> score.index(30)
2
>>> score.index(60)
Traceback (most recent call last):
  File "<pyshell#6>", line 1, in <module>
    score.index(60)
ValueError: 60 is not in list

"""
【考察】
index()メソッドを使用しました、
対象となる要素が見付かった場合、
その番号が戻り値として返されます。

要素が見付からなかった場合は、
エラーが返されます。

"""