#【実行結果】

>>> a = 3
>>> b = 4
>>> a + b
7
>>> a * b
12
>>> a / b
0.75
>>> a1 = 5
>>> a1
5
>>> 1a = 5
SyntaxError: invalid syntax

"""
【考察】
変数a,bに対して、
「=」で値を代入できる。

また、変数だけで演算もできる。

変数名に使用できる文字は、
大小英文字、数字、アンダースコア(_)、
しかし、数字を先頭にするとエラーが発生する。
"""